	goods_coverage
S100.8123_S2	1.0
S101.8118_S3	1.0
S102.8145_S4	1.0
S103.8150_S5	1.0
S104.8162_S6	1.0
S105.8151_S7	1.0
S106.8079_S8	1.0
S107.8192_S9	1.0
S108.8103_S10	1.0
S109.8446_S11	1.0
S110.8096_S12	0.9999934417628541
S111.8449_S13	1.0
S112.8459_S14	1.0
S113.8451_S15	1.0
S114.8452_S16	1.0
S115.8234_S17	1.0
S116.8209_S18	1.0
S117.8026_S19	1.0
S118.8490_S20	1.0
S119.8130_S21	1.0
S120.8477_S22	1.0
S121.8264_S23	1.0
S122.8134_S24	1.0
S123.8176_S25	1.0
S124.8224_S26	1.0
S125.8210_S27	1.0
S126.8135_S28	1.0
S127.8112_S29	1.0
S128.8202_S30	1.0
S129.8204_S31	1.0
S130.8507_S32	1.0
S131.8274_S33	1.0
S132.8297_S34	1.0
S133.8222_S35	1.0
S134.8546_S36	1.0
S135.8381_S37	1.0
S136.8391_S38	1.0
S137.8574_S39	1.0
S138.8047_S40	1.0
S139.8583_S41	1.0
S140.8013_S42	1.0
S141.8080_S43	0.9999836195811527
S142.8621_S44	0.9999926507334568
S143.8071_S45	1.0
S144.8417_S46	1.0
S145.8371_S47	1.0
S146.8430_S48	1.0
S147.8369_S49	1.0
S148.8242_S50	1.0
S149.8312_S51	1.0
